[2026-09-28 21:12:18] Database query error
Request URI: /admin/plugins/vpn-manager-v2/plans
Request Method: GET
Remote IP: ::1
Exception: PDOException
Message: SQLSTATE[42S22]: Column not found: 1054 Unknown column 'p.ip_limit' in 'field list'
File: /Applications/MAMP/htdocs/FIREBALL_CMS/core/Database.php
Line: 73
Trace: #0 /Applications/MAMP/htdocs/FIREBALL_CMS/core/Database.php(73): PDOStatement->execute(Array)
#1 /Applications/MAMP/htdocs/FIREBALL_CMS/plugins/vpn-manager-v2/src/Repositories/PlanRepository.php(12): FBL\Database->query('SELECT p.id, p....')
#2 /Applications/MAMP/htdocs/FIREBALL_CMS/plugins/vpn-manager-v2/src/Controllers/Admin/PlanController.php(22): Fireball\VpnManagerV2\Repositories\PlanRepository->all()
#3 [internal function]: Fireball\VpnManagerV2\Controllers\Admin\PlanController->index()
#4 /Applications/MAMP/htdocs/FIREBALL_CMS/core/Router.php(119): call_user_func(Array)
#5 /Applications/MAMP/htdocs/FIREBALL_CMS/core/Application.php(87): FBL\Router->dispatch()
#6 /Applications/MAMP/htdocs/FIREBALL_CMS/public/index.php(86): FBL\Application->run()
#7 {main}
SQL: SELECT p.id, p.name, p.description, p.duration_days, p.traffic_limit_bytes,
                    p.device_limit, p.ip_limit, p.is_active, p.created_at, p.updated_at,
                    COUNT(DISTINCT n.server_id) AS server_count, COUNT(n.id) AS node_count
             FROM vpn_v2_plans p
             LEFT JOIN vpn_v2_plan_nodes n ON n.plan_id = p.id AND n.is_enabled = 1
             WHERE p.deleted_at IS NULL
             GROUP BY p.id, p.name, p.description, p.duration_days, p.traffic_limit_bytes,
                      p.device_limit, p.ip_limit, p.is_active, p.created_at, p.updated_at
             ORDER BY p.id ASC
Param Count: 0
Param Keys: []
========================================================================
[2026-09-28 21:12:18] Unhandled application exception
Request URI: /admin/plugins/vpn-manager-v2/plans
Request Method: GET
Remote IP: ::1
Exception: PDOException
Message: SQLSTATE[42S22]: Column not found: 1054 Unknown column 'p.ip_limit' in 'field list'
File: /Applications/MAMP/htdocs/FIREBALL_CMS/core/Database.php
Line: 73
Trace: #0 /Applications/MAMP/htdocs/FIREBALL_CMS/core/Database.php(73): PDOStatement->execute(Array)
#1 /Applications/MAMP/htdocs/FIREBALL_CMS/plugins/vpn-manager-v2/src/Repositories/PlanRepository.php(12): FBL\Database->query('SELECT p.id, p....')
#2 /Applications/MAMP/htdocs/FIREBALL_CMS/plugins/vpn-manager-v2/src/Controllers/Admin/PlanController.php(22): Fireball\VpnManagerV2\Repositories\PlanRepository->all()
#3 [internal function]: Fireball\VpnManagerV2\Controllers\Admin\PlanController->index()
#4 /Applications/MAMP/htdocs/FIREBALL_CMS/core/Router.php(119): call_user_func(Array)
#5 /Applications/MAMP/htdocs/FIREBALL_CMS/core/Application.php(87): FBL\Router->dispatch()
#6 /Applications/MAMP/htdocs/FIREBALL_CMS/public/index.php(86): FBL\Application->run()
#7 {main}
========================================================================
[2026-09-28 21:18:31] Database query error
Request URI: /admin/plugins/vpn-manager-v2/plans
Request Method: GET
Remote IP: ::1
Exception: PDOException
Message: SQLSTATE[42S22]: Column not found: 1054 Unknown column 'p.ip_limit' in 'field list'
File: /Applications/MAMP/htdocs/FIREBALL_CMS/core/Database.php
Line: 73
Trace: #0 /Applications/MAMP/htdocs/FIREBALL_CMS/core/Database.php(73): PDOStatement->execute(Array)
#1 /Applications/MAMP/htdocs/FIREBALL_CMS/plugins/vpn-manager-v2/src/Repositories/PlanRepository.php(12): FBL\Database->query('SELECT p.id, p....')
#2 /Applications/MAMP/htdocs/FIREBALL_CMS/plugins/vpn-manager-v2/src/Controllers/Admin/PlanController.php(22): Fireball\VpnManagerV2\Repositories\PlanRepository->all()
#3 [internal function]: Fireball\VpnManagerV2\Controllers\Admin\PlanController->index()
#4 /Applications/MAMP/htdocs/FIREBALL_CMS/core/Router.php(119): call_user_func(Array)
#5 /Applications/MAMP/htdocs/FIREBALL_CMS/core/Application.php(87): FBL\Router->dispatch()
#6 /Applications/MAMP/htdocs/FIREBALL_CMS/public/index.php(86): FBL\Application->run()
#7 {main}
SQL: SELECT p.id, p.name, p.description, p.duration_days, p.traffic_limit_bytes,
                    p.device_limit, p.ip_limit, p.is_active, p.created_at, p.updated_at,
                    COUNT(DISTINCT n.server_id) AS server_count, COUNT(n.id) AS node_count
             FROM vpn_v2_plans p
             LEFT JOIN vpn_v2_plan_nodes n ON n.plan_id = p.id AND n.is_enabled = 1
             WHERE p.deleted_at IS NULL
             GROUP BY p.id, p.name, p.description, p.duration_days, p.traffic_limit_bytes,
                      p.device_limit, p.ip_limit, p.is_active, p.created_at, p.updated_at
             ORDER BY p.id ASC
Param Count: 0
Param Keys: []
========================================================================
[2026-09-28 21:18:31] Unhandled application exception
Request URI: /admin/plugins/vpn-manager-v2/plans
Request Method: GET
Remote IP: ::1
Exception: PDOException
Message: SQLSTATE[42S22]: Column not found: 1054 Unknown column 'p.ip_limit' in 'field list'
File: /Applications/MAMP/htdocs/FIREBALL_CMS/core/Database.php
Line: 73
Trace: #0 /Applications/MAMP/htdocs/FIREBALL_CMS/core/Database.php(73): PDOStatement->execute(Array)
#1 /Applications/MAMP/htdocs/FIREBALL_CMS/plugins/vpn-manager-v2/src/Repositories/PlanRepository.php(12): FBL\Database->query('SELECT p.id, p....')
#2 /Applications/MAMP/htdocs/FIREBALL_CMS/plugins/vpn-manager-v2/src/Controllers/Admin/PlanController.php(22): Fireball\VpnManagerV2\Repositories\PlanRepository->all()
#3 [internal function]: Fireball\VpnManagerV2\Controllers\Admin\PlanController->index()
#4 /Applications/MAMP/htdocs/FIREBALL_CMS/core/Router.php(119): call_user_func(Array)
#5 /Applications/MAMP/htdocs/FIREBALL_CMS/core/Application.php(87): FBL\Router->dispatch()
#6 /Applications/MAMP/htdocs/FIREBALL_CMS/public/index.php(86): FBL\Application->run()
#7 {main}
========================================================================
[2026-09-28 21:18:39] Database query error
Request URI: /admin/plugins/vpn-manager-v2/plans
Request Method: GET
Remote IP: ::1
Exception: PDOException
Message: SQLSTATE[42S22]: Column not found: 1054 Unknown column 'p.ip_limit' in 'field list'
File: /Applications/MAMP/htdocs/FIREBALL_CMS/core/Database.php
Line: 73
Trace: #0 /Applications/MAMP/htdocs/FIREBALL_CMS/core/Database.php(73): PDOStatement->execute(Array)
#1 /Applications/MAMP/htdocs/FIREBALL_CMS/plugins/vpn-manager-v2/src/Repositories/PlanRepository.php(12): FBL\Database->query('SELECT p.id, p....')
#2 /Applications/MAMP/htdocs/FIREBALL_CMS/plugins/vpn-manager-v2/src/Controllers/Admin/PlanController.php(22): Fireball\VpnManagerV2\Repositories\PlanRepository->all()
#3 [internal function]: Fireball\VpnManagerV2\Controllers\Admin\PlanController->index()
#4 /Applications/MAMP/htdocs/FIREBALL_CMS/core/Router.php(119): call_user_func(Array)
#5 /Applications/MAMP/htdocs/FIREBALL_CMS/core/Application.php(87): FBL\Router->dispatch()
#6 /Applications/MAMP/htdocs/FIREBALL_CMS/public/index.php(86): FBL\Application->run()
#7 {main}
SQL: SELECT p.id, p.name, p.description, p.duration_days, p.traffic_limit_bytes,
                    p.device_limit, p.ip_limit, p.is_active, p.created_at, p.updated_at,
                    COUNT(DISTINCT n.server_id) AS server_count, COUNT(n.id) AS node_count
             FROM vpn_v2_plans p
             LEFT JOIN vpn_v2_plan_nodes n ON n.plan_id = p.id AND n.is_enabled = 1
             WHERE p.deleted_at IS NULL
             GROUP BY p.id, p.name, p.description, p.duration_days, p.traffic_limit_bytes,
                      p.device_limit, p.ip_limit, p.is_active, p.created_at, p.updated_at
             ORDER BY p.id ASC
Param Count: 0
Param Keys: []
========================================================================
[2026-09-28 21:18:39] Unhandled application exception
Request URI: /admin/plugins/vpn-manager-v2/plans
Request Method: GET
Remote IP: ::1
Exception: PDOException
Message: SQLSTATE[42S22]: Column not found: 1054 Unknown column 'p.ip_limit' in 'field list'
File: /Applications/MAMP/htdocs/FIREBALL_CMS/core/Database.php
Line: 73
Trace: #0 /Applications/MAMP/htdocs/FIREBALL_CMS/core/Database.php(73): PDOStatement->execute(Array)
#1 /Applications/MAMP/htdocs/FIREBALL_CMS/plugins/vpn-manager-v2/src/Repositories/PlanRepository.php(12): FBL\Database->query('SELECT p.id, p....')
#2 /Applications/MAMP/htdocs/FIREBALL_CMS/plugins/vpn-manager-v2/src/Controllers/Admin/PlanController.php(22): Fireball\VpnManagerV2\Repositories\PlanRepository->all()
#3 [internal function]: Fireball\VpnManagerV2\Controllers\Admin\PlanController->index()
#4 /Applications/MAMP/htdocs/FIREBALL_CMS/core/Router.php(119): call_user_func(Array)
#5 /Applications/MAMP/htdocs/FIREBALL_CMS/core/Application.php(87): FBL\Router->dispatch()
#6 /Applications/MAMP/htdocs/FIREBALL_CMS/public/index.php(86): FBL\Application->run()
#7 {main}
========================================================================
